mkdir: cannot create directory ‘/scratch’: Permission denied
There was a problem when trying to write in your cache folder (/scratch/shrikant/hf_cache/hub). You should set the environment variable TRANSFORMERS_CACHE to a writable directory.
Traceback (most recent call last):
  File "/home/shrikant/2026/Summer Internship/Samarth/prakrit_en_mt/hpc_env/lib/python3.11/site-packages/transformers/utils/import_utils.py", line 1472, in _get_module
    return importlib.import_module("." + module_name, self.__name__)
           ^^^^^^^^^^^^^^^^^^^^^^^^^^^^^^^^^^^^^^^^^^^^^^^^^^^^^^^^^
  File "/apps/compilers/anaconda3-24.2/lib/python3.11/importlib/__init__.py", line 126, in import_module
    return _bootstrap._gcd_import(name[level:], package, level)
           ^^^^^^^^^^^^^^^^^^^^^^^^^^^^^^^^^^^^^^^^^^^^^^^^^^^^
  File "<frozen importlib._bootstrap>", line 1204, in _gcd_import
  File "<frozen importlib._bootstrap>", line 1176, in _find_and_load
  File "<frozen importlib._bootstrap>", line 1147, in _find_and_load_unlocked
  File "<frozen importlib._bootstrap>", line 690, in _load_unlocked
  File "<frozen importlib._bootstrap_external>", line 940, in exec_module
  File "<frozen importlib._bootstrap>", line 241, in _call_with_frames_removed
  File "/home/shrikant/2026/Summer Internship/Samarth/prakrit_en_mt/hpc_env/lib/python3.11/site-packages/transformers/trainer_seq2seq.py", line 26, in <module>
    from .trainer import Trainer
  File "/home/shrikant/2026/Summer Internship/Samarth/prakrit_en_mt/hpc_env/lib/python3.11/site-packages/transformers/trainer.py", line 199, in <module>
    from peft import PeftModel
  File "/home/shrikant/2026/Summer Internship/Samarth/prakrit_en_mt/hpc_env/lib/python3.11/site-packages/peft/__init__.py", line 17, in <module>
    from .auto import (
  File "/home/shrikant/2026/Summer Internship/Samarth/prakrit_en_mt/hpc_env/lib/python3.11/site-packages/peft/auto.py", line 31, in <module>
    from .config import PeftConfig
  File "/home/shrikant/2026/Summer Internship/Samarth/prakrit_en_mt/hpc_env/lib/python3.11/site-packages/peft/config.py", line 30, in <module>
    from .utils import CONFIG_NAME, PeftType, TaskType
  File "/home/shrikant/2026/Summer Internship/Samarth/prakrit_en_mt/hpc_env/lib/python3.11/site-packages/peft/utils/__init__.py", line 17, in <module>
    from .loftq_utils import replace_lora_weights_loftq
  File "/home/shrikant/2026/Summer Internship/Samarth/prakrit_en_mt/hpc_env/lib/python3.11/site-packages/peft/utils/loftq_utils.py", line 27, in <module>
    from accelerate.utils.memory import clear_device_cache
ImportError: cannot import name 'clear_device_cache' from 'accelerate.utils.memory' (/home/shrikant/2026/Summer Internship/Samarth/prakrit_en_mt/hpc_env/lib/python3.11/site-packages/accelerate/utils/memory.py)

The above exception was the direct cause of the following exception:

Traceback (most recent call last):
  File "/home/shrikant/2026/Summer Internship/Samarth/prakrit_en_mt/finetuning_and_inferencing_using_indictrans2_models/finetuning_using_indictrans2_model.py", line 7, in <module>
    from transformers import Seq2SeqTrainer
  File "<frozen importlib._bootstrap>", line 1229, in _handle_fromlist
  File "/home/shrikant/2026/Summer Internship/Samarth/prakrit_en_mt/hpc_env/lib/python3.11/site-packages/transformers/utils/import_utils.py", line 1462, in __getattr__
    module = self._get_module(self._class_to_module[name])
             ^^^^^^^^^^^^^^^^^^^^^^^^^^^^^^^^^^^^^^^^^^^^^
  File "/home/shrikant/2026/Summer Internship/Samarth/prakrit_en_mt/hpc_env/lib/python3.11/site-packages/transformers/utils/import_utils.py", line 1474, in _get_module
    raise RuntimeError(
RuntimeError: Failed to import transformers.trainer_seq2seq because of the following error (look up to see its traceback):
cannot import name 'clear_device_cache' from 'accelerate.utils.memory' (/home/shrikant/2026/Summer Internship/Samarth/prakrit_en_mt/hpc_env/lib/python3.11/site-packages/accelerate/utils/memory.py)
