'(MaxRetryError('HTTPSConnectionPool(host=\'huggingface.co\', port=443): Max retries exceeded with url: /ai4bharat/indictrans2-indic-en-1B/resolve/main/config.json (Caused by NewConnectionError("HTTPSConnection(host=\'huggingface.co\', port=443): Failed to establish a new connection: [Errno 101] Network is unreachable"))'), '(Request ID: 7f1d4004-e482-4dc2-99da-2bf5c6df3491)')' thrown while requesting HEAD https://huggingface.co/ai4bharat/indictrans2-indic-en-1B/resolve/main/config.json
Retrying in 1s [Retry 1/5].
'(MaxRetryError('HTTPSConnectionPool(host=\'huggingface.co\', port=443): Max retries exceeded with url: /ai4bharat/indictrans2-indic-en-1B/resolve/main/config.json (Caused by NewConnectionError("HTTPSConnection(host=\'huggingface.co\', port=443): Failed to establish a new connection: [Errno 101] Network is unreachable"))'), '(Request ID: 8fb22d6e-74d3-4e71-9187-f4f9caf3193a)')' thrown while requesting HEAD https://huggingface.co/ai4bharat/indictrans2-indic-en-1B/resolve/main/config.json
Retrying in 2s [Retry 2/5].
'(MaxRetryError('HTTPSConnectionPool(host=\'huggingface.co\', port=443): Max retries exceeded with url: /ai4bharat/indictrans2-indic-en-1B/resolve/main/config.json (Caused by NewConnectionError("HTTPSConnection(host=\'huggingface.co\', port=443): Failed to establish a new connection: [Errno 101] Network is unreachable"))'), '(Request ID: cdb583d2-0b54-4fb9-ac97-a4ae9b842aac)')' thrown while requesting HEAD https://huggingface.co/ai4bharat/indictrans2-indic-en-1B/resolve/main/config.json
Retrying in 4s [Retry 3/5].
'(MaxRetryError('HTTPSConnectionPool(host=\'huggingface.co\', port=443): Max retries exceeded with url: /ai4bharat/indictrans2-indic-en-1B/resolve/main/config.json (Caused by NewConnectionError("HTTPSConnection(host=\'huggingface.co\', port=443): Failed to establish a new connection: [Errno 101] Network is unreachable"))'), '(Request ID: 111f24fa-08a3-49e4-b4a5-b5a926ce8ccc)')' thrown while requesting HEAD https://huggingface.co/ai4bharat/indictrans2-indic-en-1B/resolve/main/config.json
Retrying in 8s [Retry 4/5].
'(MaxRetryError('HTTPSConnectionPool(host=\'huggingface.co\', port=443): Max retries exceeded with url: /ai4bharat/indictrans2-indic-en-1B/resolve/main/config.json (Caused by NewConnectionError("HTTPSConnection(host=\'huggingface.co\', port=443): Failed to establish a new connection: [Errno 101] Network is unreachable"))'), '(Request ID: a87fe0b2-3512-453a-a377-1a6589491605)')' thrown while requesting HEAD https://huggingface.co/ai4bharat/indictrans2-indic-en-1B/resolve/main/config.json
Retrying in 8s [Retry 5/5].
'(MaxRetryError('HTTPSConnectionPool(host=\'huggingface.co\', port=443): Max retries exceeded with url: /ai4bharat/indictrans2-indic-en-1B/resolve/main/config.json (Caused by NewConnectionError("HTTPSConnection(host=\'huggingface.co\', port=443): Failed to establish a new connection: [Errno 101] Network is unreachable"))'), '(Request ID: 8dfaa522-99a5-44f5-9e85-576ce74f7039)')' thrown while requesting HEAD https://huggingface.co/ai4bharat/indictrans2-indic-en-1B/resolve/main/config.json
'(MaxRetryError('HTTPSConnectionPool(host=\'huggingface.co\', port=443): Max retries exceeded with url: /ai4bharat/indictrans2-indic-en-1B/resolve/main/configuration_indictrans.py (Caused by NewConnectionError("HTTPSConnection(host=\'huggingface.co\', port=443): Failed to establish a new connection: [Errno 101] Network is unreachable"))'), '(Request ID: 22574942-7d36-42c4-9b26-e4ea12f29328)')' thrown while requesting HEAD https://huggingface.co/ai4bharat/indictrans2-indic-en-1B/resolve/main/configuration_indictrans.py
Retrying in 1s [Retry 1/5].
'(MaxRetryError('HTTPSConnectionPool(host=\'huggingface.co\', port=443): Max retries exceeded with url: /ai4bharat/indictrans2-indic-en-1B/resolve/main/configuration_indictrans.py (Caused by NewConnectionError("HTTPSConnection(host=\'huggingface.co\', port=443): Failed to establish a new connection: [Errno 101] Network is unreachable"))'), '(Request ID: bff6b8a9-e754-4d1c-8de0-01f2352625e3)')' thrown while requesting HEAD https://huggingface.co/ai4bharat/indictrans2-indic-en-1B/resolve/main/configuration_indictrans.py
Retrying in 2s [Retry 2/5].
'(MaxRetryError('HTTPSConnectionPool(host=\'huggingface.co\', port=443): Max retries exceeded with url: /ai4bharat/indictrans2-indic-en-1B/resolve/main/configuration_indictrans.py (Caused by NewConnectionError("HTTPSConnection(host=\'huggingface.co\', port=443): Failed to establish a new connection: [Errno 101] Network is unreachable"))'), '(Request ID: ed903c12-b593-4092-b098-84047ae51e99)')' thrown while requesting HEAD https://huggingface.co/ai4bharat/indictrans2-indic-en-1B/resolve/main/configuration_indictrans.py
Retrying in 4s [Retry 3/5].
'(MaxRetryError('HTTPSConnectionPool(host=\'huggingface.co\', port=443): Max retries exceeded with url: /ai4bharat/indictrans2-indic-en-1B/resolve/main/configuration_indictrans.py (Caused by NewConnectionError("HTTPSConnection(host=\'huggingface.co\', port=443): Failed to establish a new connection: [Errno 101] Network is unreachable"))'), '(Request ID: af375aa0-72c9-4449-993f-3db1286fdb2a)')' thrown while requesting HEAD https://huggingface.co/ai4bharat/indictrans2-indic-en-1B/resolve/main/configuration_indictrans.py
Retrying in 8s [Retry 4/5].
'(MaxRetryError('HTTPSConnectionPool(host=\'huggingface.co\', port=443): Max retries exceeded with url: /ai4bharat/indictrans2-indic-en-1B/resolve/main/configuration_indictrans.py (Caused by NewConnectionError("HTTPSConnection(host=\'huggingface.co\', port=443): Failed to establish a new connection: [Errno 101] Network is unreachable"))'), '(Request ID: 53735efa-2f79-494b-9088-a79aa9fb0d41)')' thrown while requesting HEAD https://huggingface.co/ai4bharat/indictrans2-indic-en-1B/resolve/main/configuration_indictrans.py
Retrying in 8s [Retry 5/5].
'(MaxRetryError('HTTPSConnectionPool(host=\'huggingface.co\', port=443): Max retries exceeded with url: /ai4bharat/indictrans2-indic-en-1B/resolve/main/configuration_indictrans.py (Caused by NewConnectionError("HTTPSConnection(host=\'huggingface.co\', port=443): Failed to establish a new connection: [Errno 101] Network is unreachable"))'), '(Request ID: 55527608-5a2b-4a62-8824-5e37c52364ee)')' thrown while requesting HEAD https://huggingface.co/ai4bharat/indictrans2-indic-en-1B/resolve/main/configuration_indictrans.py
'(MaxRetryError('HTTPSConnectionPool(host=\'huggingface.co\', port=443): Max retries exceeded with url: /ai4bharat/indictrans2-indic-en-1B/resolve/main/modeling_indictrans.py (Caused by NewConnectionError("HTTPSConnection(host=\'huggingface.co\', port=443): Failed to establish a new connection: [Errno 101] Network is unreachable"))'), '(Request ID: 196a252c-ff81-40c1-baea-c05fce994e06)')' thrown while requesting HEAD https://huggingface.co/ai4bharat/indictrans2-indic-en-1B/resolve/main/modeling_indictrans.py
Retrying in 1s [Retry 1/5].
'(MaxRetryError('HTTPSConnectionPool(host=\'huggingface.co\', port=443): Max retries exceeded with url: /ai4bharat/indictrans2-indic-en-1B/resolve/main/modeling_indictrans.py (Caused by NewConnectionError("HTTPSConnection(host=\'huggingface.co\', port=443): Failed to establish a new connection: [Errno 101] Network is unreachable"))'), '(Request ID: 621a06f9-bb4e-4bae-85f7-61c39a6fee36)')' thrown while requesting HEAD https://huggingface.co/ai4bharat/indictrans2-indic-en-1B/resolve/main/modeling_indictrans.py
Retrying in 2s [Retry 2/5].
'(MaxRetryError('HTTPSConnectionPool(host=\'huggingface.co\', port=443): Max retries exceeded with url: /ai4bharat/indictrans2-indic-en-1B/resolve/main/modeling_indictrans.py (Caused by NewConnectionError("HTTPSConnection(host=\'huggingface.co\', port=443): Failed to establish a new connection: [Errno 101] Network is unreachable"))'), '(Request ID: 5316d103-c00c-49a6-a7c2-e0f1574f0c63)')' thrown while requesting HEAD https://huggingface.co/ai4bharat/indictrans2-indic-en-1B/resolve/main/modeling_indictrans.py
Retrying in 4s [Retry 3/5].
'(MaxRetryError('HTTPSConnectionPool(host=\'huggingface.co\', port=443): Max retries exceeded with url: /ai4bharat/indictrans2-indic-en-1B/resolve/main/modeling_indictrans.py (Caused by NewConnectionError("HTTPSConnection(host=\'huggingface.co\', port=443): Failed to establish a new connection: [Errno 101] Network is unreachable"))'), '(Request ID: acdc1a24-4c56-4b5d-a29d-e65ee740ed7a)')' thrown while requesting HEAD https://huggingface.co/ai4bharat/indictrans2-indic-en-1B/resolve/main/modeling_indictrans.py
Retrying in 8s [Retry 4/5].
'(MaxRetryError('HTTPSConnectionPool(host=\'huggingface.co\', port=443): Max retries exceeded with url: /ai4bharat/indictrans2-indic-en-1B/resolve/main/modeling_indictrans.py (Caused by NewConnectionError("HTTPSConnection(host=\'huggingface.co\', port=443): Failed to establish a new connection: [Errno 101] Network is unreachable"))'), '(Request ID: be1a5be8-6b0e-4606-93ce-bdb075af7b3b)')' thrown while requesting HEAD https://huggingface.co/ai4bharat/indictrans2-indic-en-1B/resolve/main/modeling_indictrans.py
Retrying in 8s [Retry 5/5].
'(MaxRetryError('HTTPSConnectionPool(host=\'huggingface.co\', port=443): Max retries exceeded with url: /ai4bharat/indictrans2-indic-en-1B/resolve/main/modeling_indictrans.py (Caused by NewConnectionError("HTTPSConnection(host=\'huggingface.co\', port=443): Failed to establish a new connection: [Errno 101] Network is unreachable"))'), '(Request ID: a7f92dbd-2442-472f-8690-c3097a2332e2)')' thrown while requesting HEAD https://huggingface.co/ai4bharat/indictrans2-indic-en-1B/resolve/main/modeling_indictrans.py
'(MaxRetryError('HTTPSConnectionPool(host=\'huggingface.co\', port=443): Max retries exceeded with url: /ai4bharat/indictrans2-indic-en-1B/resolve/main/generation_config.json (Caused by NewConnectionError("HTTPSConnection(host=\'huggingface.co\', port=443): Failed to establish a new connection: [Errno 101] Network is unreachable"))'), '(Request ID: f5420208-784a-4b7b-81b3-82525c9f2089)')' thrown while requesting HEAD https://huggingface.co/ai4bharat/indictrans2-indic-en-1B/resolve/main/generation_config.json
Retrying in 1s [Retry 1/5].
slurmstepd: error: *** JOB 27207 ON node1 CANCELLED AT 2026-07-07T13:13:16 ***
