'(MaxRetryError('HTTPSConnectionPool(host=\'huggingface.co\', port=443): Max retries exceeded with url: /ai4bharat/indictrans2-indic-en-1B/resolve/main/config.json (Caused by NewConnectionError("HTTPSConnection(host=\'huggingface.co\', port=443): Failed to establish a new connection: [Errno 101] Network is unreachable"))'), '(Request ID: 35a97939-7975-4d86-af56-d4e8ce2c5fd4)')' thrown while requesting HEAD https://huggingface.co/ai4bharat/indictrans2-indic-en-1B/resolve/main/config.json
Retrying in 1s [Retry 1/5].
'(MaxRetryError('HTTPSConnectionPool(host=\'huggingface.co\', port=443): Max retries exceeded with url: /ai4bharat/indictrans2-indic-en-1B/resolve/main/config.json (Caused by NewConnectionError("HTTPSConnection(host=\'huggingface.co\', port=443): Failed to establish a new connection: [Errno 101] Network is unreachable"))'), '(Request ID: 52f8d4a6-8e9f-4ee5-ad56-e9b70c600312)')' thrown while requesting HEAD https://huggingface.co/ai4bharat/indictrans2-indic-en-1B/resolve/main/config.json
Retrying in 2s [Retry 2/5].
'(MaxRetryError('HTTPSConnectionPool(host=\'huggingface.co\', port=443): Max retries exceeded with url: /ai4bharat/indictrans2-indic-en-1B/resolve/main/config.json (Caused by NewConnectionError("HTTPSConnection(host=\'huggingface.co\', port=443): Failed to establish a new connection: [Errno 101] Network is unreachable"))'), '(Request ID: 88b6cde7-9dd5-4849-b3db-9abfbbc2d851)')' thrown while requesting HEAD https://huggingface.co/ai4bharat/indictrans2-indic-en-1B/resolve/main/config.json
Retrying in 4s [Retry 3/5].
'(MaxRetryError('HTTPSConnectionPool(host=\'huggingface.co\', port=443): Max retries exceeded with url: /ai4bharat/indictrans2-indic-en-1B/resolve/main/config.json (Caused by NewConnectionError("HTTPSConnection(host=\'huggingface.co\', port=443): Failed to establish a new connection: [Errno 101] Network is unreachable"))'), '(Request ID: 06e413dd-7117-4c2c-b63e-21e3c6c96ea1)')' thrown while requesting HEAD https://huggingface.co/ai4bharat/indictrans2-indic-en-1B/resolve/main/config.json
Retrying in 8s [Retry 4/5].
'(MaxRetryError('HTTPSConnectionPool(host=\'huggingface.co\', port=443): Max retries exceeded with url: /ai4bharat/indictrans2-indic-en-1B/resolve/main/config.json (Caused by NewConnectionError("HTTPSConnection(host=\'huggingface.co\', port=443): Failed to establish a new connection: [Errno 101] Network is unreachable"))'), '(Request ID: d25f71bc-69c1-49d7-973f-5990cf608c44)')' thrown while requesting HEAD https://huggingface.co/ai4bharat/indictrans2-indic-en-1B/resolve/main/config.json
Retrying in 8s [Retry 5/5].
'(MaxRetryError('HTTPSConnectionPool(host=\'huggingface.co\', port=443): Max retries exceeded with url: /ai4bharat/indictrans2-indic-en-1B/resolve/main/config.json (Caused by NewConnectionError("HTTPSConnection(host=\'huggingface.co\', port=443): Failed to establish a new connection: [Errno 101] Network is unreachable"))'), '(Request ID: 2dc92e99-0c15-46f3-972e-cb7b1768430e)')' thrown while requesting HEAD https://huggingface.co/ai4bharat/indictrans2-indic-en-1B/resolve/main/config.json
'(MaxRetryError('HTTPSConnectionPool(host=\'huggingface.co\', port=443): Max retries exceeded with url: /ai4bharat/indictrans2-indic-en-1B/resolve/main/configuration_indictrans.py (Caused by NewConnectionError("HTTPSConnection(host=\'huggingface.co\', port=443): Failed to establish a new connection: [Errno 101] Network is unreachable"))'), '(Request ID: 0d9187f9-2e28-4548-a3b3-3fff613e7ba4)')' thrown while requesting HEAD https://huggingface.co/ai4bharat/indictrans2-indic-en-1B/resolve/main/configuration_indictrans.py
Retrying in 1s [Retry 1/5].
'(MaxRetryError('HTTPSConnectionPool(host=\'huggingface.co\', port=443): Max retries exceeded with url: /ai4bharat/indictrans2-indic-en-1B/resolve/main/configuration_indictrans.py (Caused by NewConnectionError("HTTPSConnection(host=\'huggingface.co\', port=443): Failed to establish a new connection: [Errno 101] Network is unreachable"))'), '(Request ID: 77cbf4fd-15d2-437c-83dc-145c36699158)')' thrown while requesting HEAD https://huggingface.co/ai4bharat/indictrans2-indic-en-1B/resolve/main/configuration_indictrans.py
Retrying in 2s [Retry 2/5].
'(MaxRetryError('HTTPSConnectionPool(host=\'huggingface.co\', port=443): Max retries exceeded with url: /ai4bharat/indictrans2-indic-en-1B/resolve/main/configuration_indictrans.py (Caused by NewConnectionError("HTTPSConnection(host=\'huggingface.co\', port=443): Failed to establish a new connection: [Errno 101] Network is unreachable"))'), '(Request ID: 009f7aeb-ed6e-415a-919b-72f90d94cd53)')' thrown while requesting HEAD https://huggingface.co/ai4bharat/indictrans2-indic-en-1B/resolve/main/configuration_indictrans.py
Retrying in 4s [Retry 3/5].
'(MaxRetryError('HTTPSConnectionPool(host=\'huggingface.co\', port=443): Max retries exceeded with url: /ai4bharat/indictrans2-indic-en-1B/resolve/main/configuration_indictrans.py (Caused by NewConnectionError("HTTPSConnection(host=\'huggingface.co\', port=443): Failed to establish a new connection: [Errno 101] Network is unreachable"))'), '(Request ID: d622debe-ba66-45f7-ab22-f000db3eb82b)')' thrown while requesting HEAD https://huggingface.co/ai4bharat/indictrans2-indic-en-1B/resolve/main/configuration_indictrans.py
Retrying in 8s [Retry 4/5].
'(MaxRetryError('HTTPSConnectionPool(host=\'huggingface.co\', port=443): Max retries exceeded with url: /ai4bharat/indictrans2-indic-en-1B/resolve/main/configuration_indictrans.py (Caused by NewConnectionError("HTTPSConnection(host=\'huggingface.co\', port=443): Failed to establish a new connection: [Errno 101] Network is unreachable"))'), '(Request ID: eca15611-5524-43a1-9f4b-e47a5eba2591)')' thrown while requesting HEAD https://huggingface.co/ai4bharat/indictrans2-indic-en-1B/resolve/main/configuration_indictrans.py
Retrying in 8s [Retry 5/5].
'(MaxRetryError('HTTPSConnectionPool(host=\'huggingface.co\', port=443): Max retries exceeded with url: /ai4bharat/indictrans2-indic-en-1B/resolve/main/configuration_indictrans.py (Caused by NewConnectionError("HTTPSConnection(host=\'huggingface.co\', port=443): Failed to establish a new connection: [Errno 101] Network is unreachable"))'), '(Request ID: 191a9cc3-68f1-4792-9740-ad10bfc40454)')' thrown while requesting HEAD https://huggingface.co/ai4bharat/indictrans2-indic-en-1B/resolve/main/configuration_indictrans.py
'(MaxRetryError('HTTPSConnectionPool(host=\'huggingface.co\', port=443): Max retries exceeded with url: /ai4bharat/indictrans2-indic-en-1B/resolve/main/modeling_indictrans.py (Caused by NewConnectionError("HTTPSConnection(host=\'huggingface.co\', port=443): Failed to establish a new connection: [Errno 101] Network is unreachable"))'), '(Request ID: a1a4f132-889e-44cb-becb-e27b995b01ed)')' thrown while requesting HEAD https://huggingface.co/ai4bharat/indictrans2-indic-en-1B/resolve/main/modeling_indictrans.py
Retrying in 1s [Retry 1/5].
'(MaxRetryError('HTTPSConnectionPool(host=\'huggingface.co\', port=443): Max retries exceeded with url: /ai4bharat/indictrans2-indic-en-1B/resolve/main/modeling_indictrans.py (Caused by NewConnectionError("HTTPSConnection(host=\'huggingface.co\', port=443): Failed to establish a new connection: [Errno 101] Network is unreachable"))'), '(Request ID: ff651ed1-84e8-40bd-86eb-f2a145948583)')' thrown while requesting HEAD https://huggingface.co/ai4bharat/indictrans2-indic-en-1B/resolve/main/modeling_indictrans.py
Retrying in 2s [Retry 2/5].
'(MaxRetryError('HTTPSConnectionPool(host=\'huggingface.co\', port=443): Max retries exceeded with url: /ai4bharat/indictrans2-indic-en-1B/resolve/main/modeling_indictrans.py (Caused by NewConnectionError("HTTPSConnection(host=\'huggingface.co\', port=443): Failed to establish a new connection: [Errno 101] Network is unreachable"))'), '(Request ID: 70e1c14d-8884-4885-98c3-793858fceb25)')' thrown while requesting HEAD https://huggingface.co/ai4bharat/indictrans2-indic-en-1B/resolve/main/modeling_indictrans.py
Retrying in 4s [Retry 3/5].
'(MaxRetryError('HTTPSConnectionPool(host=\'huggingface.co\', port=443): Max retries exceeded with url: /ai4bharat/indictrans2-indic-en-1B/resolve/main/modeling_indictrans.py (Caused by NewConnectionError("HTTPSConnection(host=\'huggingface.co\', port=443): Failed to establish a new connection: [Errno 101] Network is unreachable"))'), '(Request ID: dc3a402c-23f4-4ca5-afb4-f300d49590e1)')' thrown while requesting HEAD https://huggingface.co/ai4bharat/indictrans2-indic-en-1B/resolve/main/modeling_indictrans.py
Retrying in 8s [Retry 4/5].
'(MaxRetryError('HTTPSConnectionPool(host=\'huggingface.co\', port=443): Max retries exceeded with url: /ai4bharat/indictrans2-indic-en-1B/resolve/main/modeling_indictrans.py (Caused by NewConnectionError("HTTPSConnection(host=\'huggingface.co\', port=443): Failed to establish a new connection: [Errno 101] Network is unreachable"))'), '(Request ID: 1abd8b6f-645d-4687-8ec3-ef14605ae045)')' thrown while requesting HEAD https://huggingface.co/ai4bharat/indictrans2-indic-en-1B/resolve/main/modeling_indictrans.py
Retrying in 8s [Retry 5/5].
'(MaxRetryError('HTTPSConnectionPool(host=\'huggingface.co\', port=443): Max retries exceeded with url: /ai4bharat/indictrans2-indic-en-1B/resolve/main/modeling_indictrans.py (Caused by NewConnectionError("HTTPSConnection(host=\'huggingface.co\', port=443): Failed to establish a new connection: [Errno 101] Network is unreachable"))'), '(Request ID: 9dbb3872-c78e-43a6-b7cd-fcf9e90bfd77)')' thrown while requesting HEAD https://huggingface.co/ai4bharat/indictrans2-indic-en-1B/resolve/main/modeling_indictrans.py
'(MaxRetryError('HTTPSConnectionPool(host=\'huggingface.co\', port=443): Max retries exceeded with url: /ai4bharat/indictrans2-indic-en-1B/resolve/main/generation_config.json (Caused by NewConnectionError("HTTPSConnection(host=\'huggingface.co\', port=443): Failed to establish a new connection: [Errno 101] Network is unreachable"))'), '(Request ID: 0cc10dd9-7dba-4887-b94e-bca81e462753)')' thrown while requesting HEAD https://huggingface.co/ai4bharat/indictrans2-indic-en-1B/resolve/main/generation_config.json
Retrying in 1s [Retry 1/5].
'(MaxRetryError('HTTPSConnectionPool(host=\'huggingface.co\', port=443): Max retries exceeded with url: /ai4bharat/indictrans2-indic-en-1B/resolve/main/generation_config.json (Caused by NewConnectionError("HTTPSConnection(host=\'huggingface.co\', port=443): Failed to establish a new connection: [Errno 101] Network is unreachable"))'), '(Request ID: 58e76170-00a6-4383-aef7-2dc16b973022)')' thrown while requesting HEAD https://huggingface.co/ai4bharat/indictrans2-indic-en-1B/resolve/main/generation_config.json
Retrying in 2s [Retry 2/5].
'(MaxRetryError('HTTPSConnectionPool(host=\'huggingface.co\', port=443): Max retries exceeded with url: /ai4bharat/indictrans2-indic-en-1B/resolve/main/generation_config.json (Caused by NewConnectionError("HTTPSConnection(host=\'huggingface.co\', port=443): Failed to establish a new connection: [Errno 101] Network is unreachable"))'), '(Request ID: fa60640e-c513-46b4-8e9f-6e5f64445610)')' thrown while requesting HEAD https://huggingface.co/ai4bharat/indictrans2-indic-en-1B/resolve/main/generation_config.json
Retrying in 4s [Retry 3/5].
'(MaxRetryError('HTTPSConnectionPool(host=\'huggingface.co\', port=443): Max retries exceeded with url: /ai4bharat/indictrans2-indic-en-1B/resolve/main/generation_config.json (Caused by NewConnectionError("HTTPSConnection(host=\'huggingface.co\', port=443): Failed to establish a new connection: [Errno 101] Network is unreachable"))'), '(Request ID: a5f3464d-11df-42c1-804e-c39200939d6e)')' thrown while requesting HEAD https://huggingface.co/ai4bharat/indictrans2-indic-en-1B/resolve/main/generation_config.json
Retrying in 8s [Retry 4/5].
'(MaxRetryError('HTTPSConnectionPool(host=\'huggingface.co\', port=443): Max retries exceeded with url: /ai4bharat/indictrans2-indic-en-1B/resolve/main/generation_config.json (Caused by NewConnectionError("HTTPSConnection(host=\'huggingface.co\', port=443): Failed to establish a new connection: [Errno 101] Network is unreachable"))'), '(Request ID: 9ba18de2-027e-4f99-8f34-85b1d714efc8)')' thrown while requesting HEAD https://huggingface.co/ai4bharat/indictrans2-indic-en-1B/resolve/main/generation_config.json
Retrying in 8s [Retry 5/5].
'(MaxRetryError('HTTPSConnectionPool(host=\'huggingface.co\', port=443): Max retries exceeded with url: /ai4bharat/indictrans2-indic-en-1B/resolve/main/generation_config.json (Caused by NewConnectionError("HTTPSConnection(host=\'huggingface.co\', port=443): Failed to establish a new connection: [Errno 101] Network is unreachable"))'), '(Request ID: 25d65ba2-46b5-4694-97d0-af9d6aa4c58d)')' thrown while requesting HEAD https://huggingface.co/ai4bharat/indictrans2-indic-en-1B/resolve/main/generation_config.json
'(MaxRetryError('HTTPSConnectionPool(host=\'huggingface.co\', port=443): Max retries exceeded with url: /ai4bharat/indictrans2-indic-en-1B/resolve/main/tokenizer_config.json (Caused by NewConnectionError("HTTPSConnection(host=\'huggingface.co\', port=443): Failed to establish a new connection: [Errno 101] Network is unreachable"))'), '(Request ID: 45f4eebc-8c6b-4039-bd8a-26d67da8a76d)')' thrown while requesting HEAD https://huggingface.co/ai4bharat/indictrans2-indic-en-1B/resolve/main/tokenizer_config.json
Retrying in 1s [Retry 1/5].
'(MaxRetryError('HTTPSConnectionPool(host=\'huggingface.co\', port=443): Max retries exceeded with url: /ai4bharat/indictrans2-indic-en-1B/resolve/main/tokenizer_config.json (Caused by NewConnectionError("HTTPSConnection(host=\'huggingface.co\', port=443): Failed to establish a new connection: [Errno 101] Network is unreachable"))'), '(Request ID: 8ec1674d-076e-4a09-a575-62b080b45c5f)')' thrown while requesting HEAD https://huggingface.co/ai4bharat/indictrans2-indic-en-1B/resolve/main/tokenizer_config.json
Retrying in 2s [Retry 2/5].
'(MaxRetryError('HTTPSConnectionPool(host=\'huggingface.co\', port=443): Max retries exceeded with url: /ai4bharat/indictrans2-indic-en-1B/resolve/main/tokenizer_config.json (Caused by NewConnectionError("HTTPSConnection(host=\'huggingface.co\', port=443): Failed to establish a new connection: [Errno 101] Network is unreachable"))'), '(Request ID: 44e048af-c5bc-4636-982d-956e2d056850)')' thrown while requesting HEAD https://huggingface.co/ai4bharat/indictrans2-indic-en-1B/resolve/main/tokenizer_config.json
Retrying in 4s [Retry 3/5].
'(MaxRetryError('HTTPSConnectionPool(host=\'huggingface.co\', port=443): Max retries exceeded with url: /ai4bharat/indictrans2-indic-en-1B/resolve/main/tokenizer_config.json (Caused by NewConnectionError("HTTPSConnection(host=\'huggingface.co\', port=443): Failed to establish a new connection: [Errno 101] Network is unreachable"))'), '(Request ID: 082589b3-c1ea-4c4d-946d-7e56dbda8819)')' thrown while requesting HEAD https://huggingface.co/ai4bharat/indictrans2-indic-en-1B/resolve/main/tokenizer_config.json
Retrying in 8s [Retry 4/5].
'(MaxRetryError('HTTPSConnectionPool(host=\'huggingface.co\', port=443): Max retries exceeded with url: /ai4bharat/indictrans2-indic-en-1B/resolve/main/tokenizer_config.json (Caused by NewConnectionError("HTTPSConnection(host=\'huggingface.co\', port=443): Failed to establish a new connection: [Errno 101] Network is unreachable"))'), '(Request ID: 44fdb5f8-1eb3-4c05-9f86-0d82f6f45806)')' thrown while requesting HEAD https://huggingface.co/ai4bharat/indictrans2-indic-en-1B/resolve/main/tokenizer_config.json
Retrying in 8s [Retry 5/5].
'(MaxRetryError('HTTPSConnectionPool(host=\'huggingface.co\', port=443): Max retries exceeded with url: /ai4bharat/indictrans2-indic-en-1B/resolve/main/tokenizer_config.json (Caused by NewConnectionError("HTTPSConnection(host=\'huggingface.co\', port=443): Failed to establish a new connection: [Errno 101] Network is unreachable"))'), '(Request ID: 8c565783-39fe-4f04-b6ec-de6b31000274)')' thrown while requesting HEAD https://huggingface.co/ai4bharat/indictrans2-indic-en-1B/resolve/main/tokenizer_config.json
slurmstepd: error: *** JOB 27212 ON node1 CANCELLED AT 2026-07-07T14:23:45 ***
